******************************************************************************
                  TI ARM Linker PC v15.12.7                    
******************************************************************************
>> Linked Fri Mar 30 17:06:31 2018

OUTPUT FILE NAME:   <Testing.out>
ENTRY POINT SYMBOL: "_c_int00"  address: 20006dc5


MEMORY CONFIGURATION

         name            origin    length      used     unused   attr    fill
----------------------  --------  ---------  --------  --------  ----  --------
  SRAM_CODE             20004000   00019000  000035de  00015a22  RW X
  SRAM_DATA             2001d000   00023000  00001044  00021fbc  RW X


SEGMENT ALLOCATION MAP

run origin  load origin   length   init length attrs members
----------  ----------- ---------- ----------- ----- -------
20004000    20004000    000035e4   000035e4    r-x
  20004000    20004000    00000400   00000400    r-- .intvecs
  20004400    20004400    00002fce   00002fce    r-x .text
  200073d0    200073d0    000001c4   000001c4    r-- .const
  20007598    20007598    0000004c   0000004c    r-- .cinit
2001d000    2001d000    00000844   00000000    rw-
  2001d000    2001d000    00000800   00000000    rw- .sysmem
  2001d800    2001d800    00000028   00000000    rw- .data
  2001d828    2001d828    0000001c   00000000    rw- .bss
2003f800    2003f800    00000800   00000000    rw-
  2003f800    2003f800    00000800   00000000    rw- .stack


SECTION ALLOCATION MAP

 output                                  attributes/
section   page    origin      length       input sections
--------  ----  ----------  ----------   ----------------
.intvecs   0    20004000    00000400     
                  20004000    00000400     startup_ccs.obj (.intvecs)

.init_array 
*          0    20004000    00000000     UNINITIALIZED

.text      0    20004400    00002fce     
                  20004400    0000110e     rtsv7M4_T_le_v4SPD16_eabi.lib : _printfi.obj (.text)
                  2000550e    00000002                                   : mpu_init.obj (.text)
                  20005510    000003dc                                   : memory.obj (.text)
                  200058ec    00000280     uart_if.obj (.text)
                  20005b6c    00000270     main.obj (.text)
                  20005ddc    000001f4     rtsv7M4_T_le_v4SPD16_eabi.lib : ull_div_t2.obj (.text)
                  20005fd0    000001b6                                   : fd_add_t2.obj (.text)
                  20006186    00000002                                   : startup.obj (.text)
                  20006188    00000178     driverlib.a : prcm.obj (.text:PRCMCC3200MCUInit)
                  20006300    00000136     rtsv7M4_T_le_v4SPD16_eabi.lib : fd_div_t2.obj (.text)
                  20006436    000000fc                                   : fd_mul_t2.obj (.text)
                  20006532    00000002     --HOLE-- [fill = 0]
                  20006534    000000fc                                   : s_scalbn.obj (.text)
                  20006630    000000e2     driverlib.a : shamd5.obj (.text:SHAMD5DataWriteMultiple)
                  20006712    00000002     --HOLE-- [fill = 0]
                  20006714    000000a8                 : interrupt.obj (.text:IntEnable)
                  200067bc    0000009c     rtsv7M4_T_le_v4SPD16_eabi.lib : memcpy_t2.obj (.text)
                  20006858    00000094     driverlib.a : prcm.obj (.text:PRCMPeripheralClockGet)
                  200068ec    00000088     rtsv7M4_T_le_v4SPD16_eabi.lib : vsnprintf.obj (.text)
                  20006974    00000086                                   : fd_cmp_t2.obj (.text:__aeabi_cdcmple)
                  200069fa    00000086                                   : fd_cmp_t2.obj (.text:__aeabi_cdrcmple)
                  20006a80    0000007a                                   : memset_t2.obj (.text)
                  20006afa    00000076     driverlib.a : uart.obj (.text:UARTConfigSetExpClk)
                  20006b70    00000070     rtsv7M4_T_le_v4SPD16_eabi.lib : autoinit.obj (.text)
                  20006be0    0000006a                                   : copy_decompress_rle.obj (.text)
                  20006c4a    00000066     driverlib.a : shamd5.obj (.text:SHAMD5ResultRead)
                  20006cb0    00000064     rtsv7M4_T_le_v4SPD16_eabi.lib : s_frexp.obj (.text)
                  20006d14    00000058     driverlib.a : prcm.obj (.text:PRCMPeripheralReset)
                  20006d6c    00000058                 : shamd5.obj (.text:SHAMD5IntStatus)
                  20006dc4    00000054     rtsv7M4_T_le_v4SPD16_eabi.lib : boot.obj (.text)
                  20006e18    00000054                                   : exit.obj (.text)
                  20006e6c    00000054                                   : ltoa.obj (.text)
                  20006ec0    0000004c                                   : atoi.obj (.text)
                  20006f0c    0000004c                                   : cpy_tbl.obj (.text)
                  20006f58    0000004a     driverlib.a : shamd5.obj (.text:SHAMD5DataWrite)
                  20006fa2    00000002     --HOLE-- [fill = 0]
                  20006fa4    00000048                 : shamd5.obj (.text:SHAMD5IntDisable)
                  20006fec    00000048     rtsv7M4_T_le_v4SPD16_eabi.lib : fd_toi_t2.obj (.text)
                  20007034    00000042     driverlib.a : shamd5.obj (.text:SHAMD5DataProcess)
                  20007076    00000002     --HOLE-- [fill = 0]
                  20007078    00000040                 : shamd5.obj (.text:SHAMD5IntEnable)
                  200070b8    0000003c                 : prcm.obj (.text:PRCMPeripheralClkEnable)
                  200070f4    00000030                 : uart.obj (.text:UARTDisable)
                  20007124    0000002e     rtsv7M4_T_le_v4SPD16_eabi.lib : i_tofd_t2.obj (.text)
                  20007152    00000002     --HOLE-- [fill = 0]
                  20007154    0000002c     driverlib.a : prcm.obj (.text:PRCMSysResetCauseGet)
                  20007180    00000028                 : prcm.obj (.text:PRCMPeripheralClkDisable)
                  200071a8    00000024                 : uart.obj (.text:UARTEnable)
                  200071cc    00000024     rtsv7M4_T_le_v4SPD16_eabi.lib : memmov.obj (.text)
                  200071f0    00000020     driverlib.a : interrupt.obj (.text:IntRegister)
                  20007210    0000001e                 : uart.obj (.text:UARTCharPut)
                  2000722e    0000001c                 : uart.obj (.text:UARTCharGetNonBlocking)
                  2000724a    0000001c     rtsv7M4_T_le_v4SPD16_eabi.lib : memccpy.obj (.text)
                  20007266    00000018     driverlib.a : uart.obj (.text:UARTCharsAvail)
                  2000727e    00000002     --HOLE-- [fill = 0]
                  20007280    00000018     rtsv7M4_T_le_v4SPD16_eabi.lib : args_main.obj (.text)
                  20007298    00000016     driverlib.a : prcm.obj (.text:PRCMHIBRegRead)
                  200072ae    00000016                 : prcm.obj (.text:PRCMHIBRegWrite)
                  200072c4    00000016                 : shamd5.obj (.text:SHAMD5IntRegister)
                  200072da    00000016     rtsv7M4_T_le_v4SPD16_eabi.lib : strchr.obj (.text)
                  200072f0    00000014     driverlib.a : cpu.obj (.text:CPUcpsie)
                  20007304    00000014                 : interrupt.obj (.text:IntVTableBaseSet)
                  20007318    00000014     rtsv7M4_T_le_v4SPD16_eabi.lib : _lock.obj (.text)
                  2000732c    00000014                                   : s_copysign.obj (.text)
                  20007340    00000014                                   : strcpy.obj (.text)
                  20007354    00000014                                   : strlen.obj (.text)
                  20007368    00000012     driverlib.a : shamd5.obj (.text:SHAMD5ConfigSet)
                  2000737a    00000012                 : shamd5.obj (.text:SHAMD5DataLengthSet)
                  2000738c    0000000e     rtsv7M4_T_le_v4SPD16_eabi.lib : copy_decompress_none.obj (.text:decompress:none)
                  2000739a    0000000e     startup_ccs.obj (.text)
                  200073a8    0000000c     pinmux.obj (.text)
                  200073b4    0000000a     driverlib.a : interrupt.obj (.text:IntMasterEnable)
                  200073be    00000006                 : utils.obj (.text:UtilsDelay)
                  200073c4    00000006     rtsv7M4_T_le_v4SPD16_eabi.lib : copy_decompress_rle.obj (.text:decompress:rle24)
                  200073ca    00000004                                   : pre_init.obj (.text)

.const     0    200073d0    000001c4     
                  200073d0    00000101     rtsv7M4_T_le_v4SPD16_eabi.lib : ctype.obj (.const:.string:_ctypes_)
                  200074d1    00000003     --HOLE-- [fill = 0]
                  200074d4    000000a8     driverlib.a : prcm.obj (.const:PRCM_PeriphRegsList)
                  2000757c    00000018                 : interrupt.obj (.const:g_pulEnRegs)

.cinit     0    20007598    0000004c     
                  20007598    00000023     (.cinit..data.load) [load image, compression = rle]
                  200075bb    00000005     --HOLE-- [fill = 0]
                  200075c0    00000009     (.cinit..bss.load) [load image, compression = rle]
                  200075c9    00000003     --HOLE-- [fill = 0]
                  200075cc    00000008     (__TI_handler_table)
                  200075d4    00000010     (__TI_cinit_table)

.sysmem    0    2001d000    00000800     UNINITIALIZED
                  2001d000    00000008     rtsv7M4_T_le_v4SPD16_eabi.lib : memory.obj (.sysmem)
                  2001d008    000007f8     --HOLE--

.data      0    2001d800    00000028     UNINITIALIZED
                  2001d800    0000000c     rtsv7M4_T_le_v4SPD16_eabi.lib : exit.obj (.data:$O1$$)
                  2001d80c    0000000c                                   : memory.obj (.data:$O1$$)
                  2001d818    00000008                                   : _lock.obj (.data:$O1$$)
                  2001d820    00000004                                   : errno.obj (.data)
                  2001d824    00000004                                   : stkdepth_vars.obj (.data)

.bss       0    2001d828    0000001c     UNINITIALIZED
                  2001d828    00000004     uart_if.obj (.bss)
                  2001d82c    00000004     (.common:data)
                  2001d830    00000004     (.common:result)
                  2001d834    00000004     (.common:u8count)
                  2001d838    00000004     (.common:uiConfig)
                  2001d83c    00000004     (.common:uiHashLength)
                  2001d840    00000001     (.common:g_bContextReadyFlag)
                  2001d841    00000001     (.common:g_bInputReadyFlag)
                  2001d842    00000001     (.common:g_bOutputReadyFlag)
                  2001d843    00000001     (.common:g_bParthashReadyFlag)

.stack     0    2003f800    00000800     UNINITIALIZED
                  2003f800    00000800     --HOLE--

MODULE SUMMARY

       Module                     code    ro data   rw data
       ------                     ----    -------   -------
    .\
       startup_ccs.obj            14      1024      0      
       main.obj                   624     0         24     
       uart_if.obj                640     0         4      
       pinmux.obj                 12      0         0      
    +--+--------------------------+-------+---------+---------+
       Total:                     1290    1024      28     
                                                           
    C:/TI/CC3200SDK_1.3.0/cc3200-sdk/driverlib/ccs/Release/driverlib.a
       prcm.obj                   800     168       0      
       shamd5.obj                 750     0         0      
       uart.obj                   284     0         0      
       interrupt.obj              230     24        0      
       cpu.obj                    20      0         0      
       utils.obj                  6       0         0      
    +--+--------------------------+-------+---------+---------+
       Total:                     2090    192       0      
                                                           
    C:\TI\ccsv6\tools\compiler\ti-cgt-arm_15.12.7.LTS\lib\rtsv7M4_T_le_v4SPD16_eabi.lib
       _printfi.obj               4366    0         0      
       memory.obj                 988     0         12     
       ull_div_t2.obj             500     0         0      
       fd_add_t2.obj              438     0         0      
       fd_div_t2.obj              310     0         0      
       fd_cmp_t2.obj              268     0         0      
       ctype.obj                  0       257       0      
       fd_mul_t2.obj              252     0         0      
       s_scalbn.obj               252     0         0      
       memcpy_t2.obj              156     0         0      
       vsnprintf.obj              136     0         0      
       memset_t2.obj              122     0         0      
       autoinit.obj               112     0         0      
       copy_decompress_rle.obj    112     0         0      
       s_frexp.obj                100     0         0      
       exit.obj                   84      0         12     
       boot.obj                   84      0         0      
       ltoa.obj                   84      0         0      
       atoi.obj                   76      0         0      
       cpy_tbl.obj                76      0         0      
       fd_toi_t2.obj              72      0         0      
       i_tofd_t2.obj              46      0         0      
       memmov.obj                 36      0         0      
       _lock.obj                  20      0         8      
       memccpy.obj                28      0         0      
       args_main.obj              24      0         0      
       strchr.obj                 22      0         0      
       s_copysign.obj             20      0         0      
       strcpy.obj                 20      0         0      
       strlen.obj                 20      0         0      
       copy_decompress_none.obj   14      0         0      
       errno.obj                  0       0         4      
       pre_init.obj               4       0         0      
       stkdepth_vars.obj          0       0         4      
       mpu_init.obj               2       0         0      
       startup.obj                2       0         0      
    +--+--------------------------+-------+---------+---------+
       Total:                     8846    257       40     
                                                           
       Heap:                      0       0         2048   
       Stack:                     0       0         2048   
       Linker Generated:          0       68        0      
    +--+--------------------------+-------+---------+---------+
       Grand Total:               12226   1541      4164   


LINKER GENERATED COPY TABLES

__TI_cinit_table @ 200075d4 records: 2, size/record: 8, table size: 16
	.data: load addr=20007598, load size=00000023 bytes, run addr=2001d800, run size=00000028 bytes, compression=rle
	.bss: load addr=200075c0, load size=00000009 bytes, run addr=2001d828, run size=0000001c bytes, compression=rle


LINKER GENERATED HANDLER TABLE

__TI_handler_table @ 200075cc records: 2, size/record: 4, table size: 8
	index: 0, handler: __TI_decompress_rle24
	index: 1, handler: __TI_decompress_none


GLOBAL SYMBOLS: SORTED ALPHABETICALLY BY Name 

address   name                           
-------   ----                           
20006e19  C$$EXIT                        
200072f1  CPUcpsie                       
2000592d  ClearTerm                      
20005937  Error                          
20005b85  GenerateHash                   
2000596f  GetCmd                         
200058ed  InitTerm                       
20006715  IntEnable                      
200073b5  IntMasterEnable                
200071f1  IntRegister                    
20007305  IntVTableBaseSet               
2000590b  Message                        
20006189  PRCMCC3200MCUInit              
20007299  PRCMHIBRegRead                 
200072af  PRCMHIBRegWrite                
20007181  PRCMPeripheralClkDisable       
200070b9  PRCMPeripheralClkEnable        
20006859  PRCMPeripheralClockGet         
20006d15  PRCMPeripheralReset            
20007155  PRCMSysResetCauseGet           
200073a9  PinMuxConfig                   
20005aad  Report                         
2000739b  ResetISR                       
20007369  SHAMD5ConfigSet                
2000737b  SHAMD5DataLengthSet            
20007035  SHAMD5DataProcess              
20006f59  SHAMD5DataWrite                
20006fa5  SHAMD5IntDisable               
20007079  SHAMD5IntEnable                
20005bc7  SHAMD5IntHandler               
200072c5  SHAMD5IntRegister              
20006d6d  SHAMD5IntStatus                
20006c4b  SHAMD5ResultRead               
UNDEFED   SHT$$INIT_ARRAY$$Base          
UNDEFED   SHT$$INIT_ARRAY$$Limit         
20005a15  TrimSpace                      
2000722f  UARTCharGetNonBlocking         
20007211  UARTCharPut                    
20007267  UARTCharsAvail                 
20006afb  UARTConfigSetExpClk            
200070f5  UARTDisable                    
200071a9  UARTEnable                     
200073bf  UtilsDelay                     
20040000  __STACK_END                    
00000800  __STACK_SIZE                   
00000800  __SYSMEM_SIZE                  
200075d4  __TI_CINIT_Base                
200075e4  __TI_CINIT_Limit               
200075cc  __TI_Handler_Table_Base        
200075d4  __TI_Handler_Table_Limit       
20006b71  __TI_auto_init                 
2001d800  __TI_cleanup_ptr               
2000738d  __TI_decompress_none           
200073c5  __TI_decompress_rle24          
2001d804  __TI_dtors_ptr                 
2001d808  __TI_enable_exit_profile_output
ffffffff  __TI_pprof_out_hndl            
20005203  __TI_printfi                   
ffffffff  __TI_prof_data_size            
ffffffff  __TI_prof_data_start           
20007598  __TI_static_base__             
20006975  __aeabi_cdcmpeq                
20006975  __aeabi_cdcmple                
200069fb  __aeabi_cdrcmple               
20006fed  __aeabi_d2iz                   
20005fdb  __aeabi_dadd                   
20006301  __aeabi_ddiv                   
20006437  __aeabi_dmul                   
20005fd1  __aeabi_dsub                   
20007125  __aeabi_i2d                    
20006a81  __aeabi_memclr                 
20006a81  __aeabi_memclr4                
20006a81  __aeabi_memclr8                
200067bd  __aeabi_memcpy                 
200067bd  __aeabi_memcpy4                
200067bd  __aeabi_memcpy8                
20006a83  __aeabi_memset                 
20006a83  __aeabi_memset4                
20006a83  __aeabi_memset8                
20005ddd  __aeabi_uldivmod               
ffffffff  __binit__                      
ffffffff  __c_args__                     
2000550f  __mpu_init                     
2003f800  __stack                        
20007281  _args_main                     
20006dc5  _c_int00                       
200073d0  _ctypes_                       
2001d818  _lock                          
20007327  _nop                           
2000731f  _register_lock                 
20007319  _register_unlock               
2001d000  _sys_memory                    
20006187  _system_post_cinit             
200073cb  _system_pre_init               
2001d81c  _unlock                        
20006e1d  abort                          
20006ec1  atoi                           
ffffffff  binit                          
200058b9  calloc                         
20006f0d  copy_in                        
2000732d  copysign                       
2000732d  copysignl                      
2001d82c  data                           
2001d820  errno                          
20006e25  exit                           
20005607  free                           
20006cb1  frexp                          
20006cb1  frexpl                         
2001d840  g_bContextReadyFlag            
2001d841  g_bInputReadyFlag              
2001d842  g_bOutputReadyFlag             
2001d843  g_bParthashReadyFlag           
20004000  g_pfnVectors                   
20005c25  gen_block                      
20006535  ldexp                          
20006535  ldexpl                         
20006e6d  ltoa                           
20005c57  main                           
2001d824  main_func_sp                   
2000559f  malloc                         
200057d5  memalign                       
2000724b  memccpy                        
200067bd  memcpy                         
200071cd  memmove                        
20006a89  memset                         
20005511  minit                          
200056c7  realloc                        
2001d830  result                         
20006535  scalbn                         
20006535  scalbnl                        
200072db  strchr                         
20007341  strcpy                         
20007355  strlen                         
2001d834  u8count                        
2001d838  uiConfig                       
2001d83c  uiHashLength                   
200068ed  vsnprintf                      


GLOBAL SYMBOLS: SORTED BY Symbol Address 

address   name                           
-------   ----                           
00000800  __STACK_SIZE                   
00000800  __SYSMEM_SIZE                  
20004000  g_pfnVectors                   
20005203  __TI_printfi                   
2000550f  __mpu_init                     
20005511  minit                          
2000559f  malloc                         
20005607  free                           
200056c7  realloc                        
200057d5  memalign                       
200058b9  calloc                         
200058ed  InitTerm                       
2000590b  Message                        
2000592d  ClearTerm                      
20005937  Error                          
2000596f  GetCmd                         
20005a15  TrimSpace                      
20005aad  Report                         
20005b85  GenerateHash                   
20005bc7  SHAMD5IntHandler               
20005c25  gen_block                      
20005c57  main                           
20005ddd  __aeabi_uldivmod               
20005fd1  __aeabi_dsub                   
20005fdb  __aeabi_dadd                   
20006187  _system_post_cinit             
20006189  PRCMCC3200MCUInit              
20006301  __aeabi_ddiv                   
20006437  __aeabi_dmul                   
20006535  ldexp                          
20006535  ldexpl                         
20006535  scalbn                         
20006535  scalbnl                        
20006715  IntEnable                      
200067bd  __aeabi_memcpy                 
200067bd  __aeabi_memcpy4                
200067bd  __aeabi_memcpy8                
200067bd  memcpy                         
20006859  PRCMPeripheralClockGet         
200068ed  vsnprintf                      
20006975  __aeabi_cdcmpeq                
20006975  __aeabi_cdcmple                
200069fb  __aeabi_cdrcmple               
20006a81  __aeabi_memclr                 
20006a81  __aeabi_memclr4                
20006a81  __aeabi_memclr8                
20006a83  __aeabi_memset                 
20006a83  __aeabi_memset4                
20006a83  __aeabi_memset8                
20006a89  memset                         
20006afb  UARTConfigSetExpClk            
20006b71  __TI_auto_init                 
20006c4b  SHAMD5ResultRead               
20006cb1  frexp                          
20006cb1  frexpl                         
20006d15  PRCMPeripheralReset            
20006d6d  SHAMD5IntStatus                
20006dc5  _c_int00                       
20006e19  C$$EXIT                        
20006e1d  abort                          
20006e25  exit                           
20006e6d  ltoa                           
20006ec1  atoi                           
20006f0d  copy_in                        
20006f59  SHAMD5DataWrite                
20006fa5  SHAMD5IntDisable               
20006fed  __aeabi_d2iz                   
20007035  SHAMD5DataProcess              
20007079  SHAMD5IntEnable                
200070b9  PRCMPeripheralClkEnable        
200070f5  UARTDisable                    
20007125  __aeabi_i2d                    
20007155  PRCMSysResetCauseGet           
20007181  PRCMPeripheralClkDisable       
200071a9  UARTEnable                     
200071cd  memmove                        
200071f1  IntRegister                    
20007211  UARTCharPut                    
2000722f  UARTCharGetNonBlocking         
2000724b  memccpy                        
20007267  UARTCharsAvail                 
20007281  _args_main                     
20007299  PRCMHIBRegRead                 
200072af  PRCMHIBRegWrite                
200072c5  SHAMD5IntRegister              
200072db  strchr                         
200072f1  CPUcpsie                       
20007305  IntVTableBaseSet               
20007319  _register_unlock               
2000731f  _register_lock                 
20007327  _nop                           
2000732d  copysign                       
2000732d  copysignl                      
20007341  strcpy                         
20007355  strlen                         
20007369  SHAMD5ConfigSet                
2000737b  SHAMD5DataLengthSet            
2000738d  __TI_decompress_none           
2000739b  ResetISR                       
200073a9  PinMuxConfig                   
200073b5  IntMasterEnable                
200073bf  UtilsDelay                     
200073c5  __TI_decompress_rle24          
200073cb  _system_pre_init               
200073d0  _ctypes_                       
20007598  __TI_static_base__             
200075cc  __TI_Handler_Table_Base        
200075d4  __TI_CINIT_Base                
200075d4  __TI_Handler_Table_Limit       
200075e4  __TI_CINIT_Limit               
2001d000  _sys_memory                    
2001d800  __TI_cleanup_ptr               
2001d804  __TI_dtors_ptr                 
2001d808  __TI_enable_exit_profile_output
2001d818  _lock                          
2001d81c  _unlock                        
2001d820  errno                          
2001d824  main_func_sp                   
2001d82c  data                           
2001d830  result                         
2001d834  u8count                        
2001d838  uiConfig                       
2001d83c  uiHashLength                   
2001d840  g_bContextReadyFlag            
2001d841  g_bInputReadyFlag              
2001d842  g_bOutputReadyFlag             
2001d843  g_bParthashReadyFlag           
2003f800  __stack                        
20040000  __STACK_END                    
ffffffff  __TI_pprof_out_hndl            
ffffffff  __TI_prof_data_size            
ffffffff  __TI_prof_data_start           
ffffffff  __binit__                      
ffffffff  __c_args__                     
ffffffff  binit                          
UNDEFED   SHT$$INIT_ARRAY$$Base          
UNDEFED   SHT$$INIT_ARRAY$$Limit         

[137 symbols]
